
7. Printing statistics.

=== mult_array ===

        +----------Local Count, excluding submodules.
        |        +-Local Area, excluding submodules.
        |        | 
       58        - wires
       84        - wire bits
       15        - public wires
       41        - public wire bits
        5        - ports
       18        - port bits
       67  746.966 cells
        1    7.507   sky130_fd_sc_hd__a21boi_0
        4   20.019   sky130_fd_sc_hd__a21oi_1
        1    7.507   sky130_fd_sc_hd__a22oi_1
        1    8.758   sky130_fd_sc_hd__a32oi_1
        2   12.512   sky130_fd_sc_hd__and2_0
        1    8.758   sky130_fd_sc_hd__and4_1
        1    3.754   sky130_fd_sc_hd__clkinv_1
       16  400.384   sky130_fd_sc_hd__dfrtp_1
        2   12.512   sky130_fd_sc_hd__lpflow_isobufsrc_1
        2   20.019   sky130_fd_sc_hd__maj3_1
       12   45.043   sky130_fd_sc_hd__nand2_1
        2   12.512   sky130_fd_sc_hd__nand2b_1
        1    5.005   sky130_fd_sc_hd__nand3_1
        2   12.512   sky130_fd_sc_hd__nand4_1
        1    3.754   sky130_fd_sc_hd__nor2_1
        2    10.01   sky130_fd_sc_hd__nor3_1
        2   15.014   sky130_fd_sc_hd__o21a_1
        2    10.01   sky130_fd_sc_hd__o21ai_0
        1    10.01   sky130_fd_sc_hd__o21ba_1
        1    6.256   sky130_fd_sc_hd__or3_1
        7   61.309   sky130_fd_sc_hd__xnor2_1
        2   45.043   sky130_fd_sc_hd__xnor3_1
        1    8.758   sky130_fd_sc_hd__xor2_1

   Chip area for module '\mult_array': 746.966400
     of which used for sequential elements: 400.384000 (53.60%)

